v8-version,13,6,233,17,-node.37,0
v8-platform,windows,unknown
new,CodeRange,0x20fc0fe0000,0
new,MemoryChunk,0x12fca400000,262144
new,MemoryChunk,0x1a9b5040000,262144
new,MemoryChunk,0xef321c0000,262144
new,MemoryChunk,0x232f1e40000,262144
heap-capacity,1048512
heap-available,2349858688
new,MemoryChunk,0x37635000000,262144
new,MemoryChunk,0xde83840000,262144
new,MemoryChunk,0x15e17b40000,266240
new,MemoryChunk,0x1b19940000,262144
new,MemoryChunk,0x2258da40000,262144
new,MemoryChunk,0x16a46640000,262144
new,MemoryChunk,0x1b0ce140000,262144
new,MemoryChunk,0x20a77cc0000,262144
new,MemoryChunk,0x1f4e2500000,262144
new,MemoryChunk,0x211fcf40000,262144
new,MemoryChunk,0xccacb80000,262144
new,MemoryChunk,0x22399780000,262144
new,MemoryChunk,0x18516b80000,262144
new,MemoryChunk,0x20fc1000000,262144
new,MemoryChunk,0x385e6640000,262144
new,MemoryChunk,0x1c4d7a00000,262144
new,MemoryChunk,0x392804c0000,262144
new,MemoryChunk,0x28163580000,262144
new,MemoryChunk,0x387ea900000,262144
new,MemoryChunk,0x20fc1040000,262144
new,MemoryChunk,0x1e9f0280000,262144
new,MemoryChunk,0x10ad9b80000,262144
new,MemoryChunk,0xe961080000,262144
new,MemoryChunk,0x361e89c0000,262144
new,MemoryChunk,0x56abec0000,262144
new,MemoryChunk,0x2137f5c0000,262144
new,MemoryChunk,0x34681140000,262144
new,MemoryChunk,0x1baae200000,262144
new,MemoryChunk,0x327a500000,262144
new,MemoryChunk,0x13da7f00000,262144
new,MemoryChunk,0x1c55bdc0000,262144
new,MemoryChunk,0x1252a80000,262144
new,MemoryChunk,0x340a5a00000,262144
new,MemoryChunk,0xa74dcc0000,262144
new,MemoryChunk,0x2765e0c0000,262144
new,MemoryChunk,0x225c2b00000,262144
new,MemoryChunk,0x15760880000,262144
new,MemoryChunk,0xd9ea8c0000,262144
new,MemoryChunk,0x1b839280000,262144
new,MemoryChunk,0x3d803600000,262144
new,MemoryChunk,0x3f0cbf00000,262144
new,MemoryChunk,0x350fc140000,262144
new,MemoryChunk,0x27fe3f00000,262144
new,MemoryChunk,0x20fc1080000,262144
new,MemoryChunk,0x28a73280000,262144
new,MemoryChunk,0x19cff000000,262144
new,MemoryChunk,0x1c74a280000,262144
new,MemoryChunk,0x2ed776c0000,262144
new,MemoryChunk,0x15813f00000,262144
new,MemoryChunk,0x15090f40000,262144
new,MemoryChunk,0x2519e680000,262144
new,MemoryChunk,0x1ad00840000,262144
new,MemoryChunk,0x8ed2380000,262144
new,MemoryChunk,0x12624f00000,262144
new,MemoryChunk,0x3a1d3600000,262144
new,MemoryChunk,0x3d38a000000,262144
new,MemoryChunk,0x3a527b40000,262144
new,MemoryChunk,0x1abfb200000,262144
new,MemoryChunk,0x3c781780000,262144
new,MemoryChunk,0xcfe7100000,262144
new,MemoryChunk,0x11a2f7c0000,262144
new,MemoryChunk,0x53d31c0000,262144
new,MemoryChunk,0x1aaca600000,262144
new,MemoryChunk,0xd6edc0000,262144
new,MemoryChunk,0x10aa4b00000,262144
new,MemoryChunk,0x2851ea40000,262144
new,MemoryChunk,0x32c85540000,262144
delete,MemoryChunk,0x20fc05c42d0
delete,MemoryChunk,0x20fc05c30c0
delete,MemoryChunk,0x20fc05c0ca0
delete,MemoryChunk,0x20fc05c1eb0
delete,MemoryChunk,0x20fc05bfa90
delete,MemoryChunk,0x20fc05be880
delete,MemoryChunk,0x20fc04decf0
delete,MemoryChunk,0x20fc04ddae0
delete,MemoryChunk,0x20fc04c83b0
delete,MemoryChunk,0x20fc04c1750
delete,MemoryChunk,0x20fc046f4d0
delete,MemoryChunk,0x20fc0469a80
delete,MemoryChunk,0x20fc02cdfd0
delete,MemoryChunk,0x20fc02d2810
delete,MemoryChunk,0x20fc02ccdc0
delete,MemoryChunk,0x20fc02c2b30
delete,MemoryChunk,0x20fc04dc8d0
delete,MemoryChunk,0x20fc04da4b0
delete,MemoryChunk,0x20fc04dff00
delete,MemoryChunk,0x20fc04db6c0
delete,MemoryChunk,0x20fc04d1430
delete,MemoryChunk,0x20fc04d92a0
delete,MemoryChunk,0x20fc04d8090
delete,MemoryChunk,0x20fc04d6e80
delete,MemoryChunk,0x20fc046e2c0
delete,MemoryChunk,0x20fc046bea0
delete,MemoryChunk,0x20fc04718f0
delete,MemoryChunk,0x20fc046ac90
delete,MemoryChunk,0x20fc045d3d0
delete,MemoryChunk,0x20fc0464030
delete,MemoryChunk,0x20fc0465240
delete,MemoryChunk,0x20fc0462e20
delete,MemoryChunk,0x20fc02cf1e0
delete,MemoryChunk,0x20fc02d1600
delete,MemoryChunk,0x20fc02ca9a0
delete,MemoryChunk,0x20fc0457980
delete,MemoryChunk,0x20fc0459da0
delete,MemoryChunk,0x20fc045afb0
delete,MemoryChunk,0x20fc0467660
delete,MemoryChunk,0x20fc0466450
delete,MemoryChunk,0x20fc045f7f0
delete,MemoryChunk,0x20fc046d0b0
delete,MemoryChunk,0x20fc04706e0
delete,MemoryChunk,0x20fc0460a00
delete,MemoryChunk,0x20fc0461c10
delete,MemoryChunk,0x20fc0468870
delete,MemoryChunk,0x20fc04c71a0
delete,MemoryChunk,0x20fc04c2960
delete,MemoryChunk,0x20fc04c4d80
delete,MemoryChunk,0x20fc04cb9e0
delete,MemoryChunk,0x20fc04c95c0
delete,MemoryChunk,0x20fc04cf010
delete,MemoryChunk,0x20fc04d2640
delete,MemoryChunk,0x20fc04d4a60
delete,MemoryChunk,0x20fc04d5c70
delete,MemoryChunk,0x20fc04ccbf0
delete,MemoryChunk,0x20fc04d0220
delete,MemoryChunk,0x20fc04cde00
delete,MemoryChunk,0x20fc0454350
delete,MemoryChunk,0x20fc045e5e0
delete,MemoryChunk,0x20fc04d3850
delete,MemoryChunk,0x20fc02cbbb0
delete,MemoryChunk,0x20fc0458b90
delete,MemoryChunk,0x20fc0456770
delete,MemoryChunk,0x20fc0455560
delete,MemoryChunk,0x20fc0453140
delete,MemoryChunk,0x20fc045c1c0
delete,MemoryChunk,0x20fc04ca7d0
delete,MemoryChunk,0x20fc04c3b70
delete,MemoryChunk,0x20fc04c5f90
delete,LargeObjectChunk,0x15e17b40000
delete,MemoryChunk,0x20fc02d03f0
